---
source: tests/test_uigen_examples.rs
expression: "common::translate_file(\"examples/LayoutFlow.qml\").unwrap()"
---
<ui version="4.0">
 <class>LayoutFlow</class>
 <widget class="QWidget">
  <layout class="QFormLayout">
   <item column="0" row="0">
    <widget class="QLabel">
     <property name="text">
      <string notr="true">LeftToRight</string>
     </property>
    </widget>
   </item>
   <item column="1" row="0">
    <layout class="QGridLayout">
     <item column="0" row="0">
      <widget class="QLabel">
       <property name="text">
        <string notr="true">row: 0, column: 0</string>
       </property>
      </widget>
     </item>
     <item column="1" row="0">
      <widget class="QLabel">
       <property name="text">
        <string notr="true">row: 0, column: 1</string>
       </property>
      </widget>
     </item>
     <item column="2" row="0">
      <widget class="QLabel">
       <property name="text">
        <string notr="true">row: 0, column: 2</string>
       </property>
      </widget>
     </item>
     <item column="0" row="1">
      <widget class="QLabel">
       <property name="text">
        <string notr="true">row: 1, column: 0</string>
       </property>
      </widget>
     </item>
     <item column="1" row="1">
      <widget class="QLabel">
       <property name="text">
        <string notr="true">row: 1, column: 1</string>
       </property>
      </widget>
     </item>
     <item column="0" row="2">
      <widget class="QLabel">
       <property name="text">
        <string notr="true">row: 2, column: 0</string>
       </property>
      </widget>
     </item>
    </layout>
   </item>
   <item column="0" row="1">
    <widget class="QLabel">
     <property name="text">
      <string notr="true">TopToBottom</string>
     </property>
    </widget>
   </item>
   <item column="1" row="1">
    <layout class="QGridLayout">
     <item column="0" row="0">
      <widget class="QLabel">
       <property name="text">
        <string notr="true">row: 0, column: 0</string>
       </property>
      </widget>
     </item>
     <item column="0" row="1">
      <widget class="QLabel">
       <property name="text">
        <string notr="true">row: 1, column: 0</string>
       </property>
      </widget>
     </item>
     <item column="1" row="0">
      <widget class="QLabel">
       <property name="text">
        <string notr="true">row: 0, column: 1</string>
       </property>
      </widget>
     </item>
     <item column="1" row="1">
      <widget class="QLabel">
       <property name="text">
        <string notr="true">row: 1, column: 1</string>
       </property>
      </widget>
     </item>
    </layout>
   </item>
  </layout>
 </widget>
</ui>

