---
source: tests/test_uigen_widget.rs
expression: ui_support_h
---
#pragma once
#include "ui_mytype.h"

namespace UiSupport {
class MyType
{
public:
    MyType(QDialog *root, Ui::MyType *ui): root_(root), ui_(ui) {}

    void setup()
    {
        this->setupDialogWindowTitle();
        this->updateDialogWindowTitle();
    }

private:
    enum class BindingIndex : unsigned {
        DialogWindowTitle,
    };

    void setupDialogWindowTitle()
    {
        QObject::connect(this->ui_->combo, &QComboBox::currentIndexChanged, this->root_, [this]() { this->updateDialogWindowTitle(); });
        QObject::connect(this->ui_->combo, &QComboBox::currentTextChanged, this->root_, [this]() { this->updateDialogWindowTitle(); });
    }

    void updateDialogWindowTitle()
    {
#ifndef QT_NO_DEBUG
        constexpr unsigned index = static_cast<unsigned>(BindingIndex::DialogWindowTitle);
        Q_ASSERT_X(!(this->bindingGuard_[index >> 5] & (1U << (index & 0x1f))), __func__, "binding loop detected");
        this->bindingGuard_[index >> 5] |= (1U << (index & 0x1f));
#endif
        this->root_->setWindowTitle(this->evalDialogWindowTitle());
#ifndef QT_NO_DEBUG
        this->bindingGuard_[index >> 5] &= ~(1U << (index & 0x1f));
#endif
    }

    QString evalDialogWindowTitle() const
    {
        int a0;
        bool a1;
        QString a2;
        QString a3;
    b0:
        a0 = this->ui_->combo->currentIndex();
        a1 = a0 == 0;
        if (a1)
            goto b1;
        else
            goto b2;
    b1:
        a3 = QStringLiteral("-");
        goto b3;
    b2:
        a2 = this->ui_->combo->currentText();
        a3 = a2;
        goto b3;
    b3:
        return a3;
    }

    QDialog *const root_;
    Ui::MyType *const ui_;
#ifndef QT_NO_DEBUG
    quint32 bindingGuard_[1] = {0};
#endif

};
} // namespace UiSupport

