---
source: tests/test_uigen_widget.rs
expression: ui_support_h
---
#pragma once
#include "ui_mytype.h"

namespace UiSupport {
class MyType
{
public:
    MyType(QDialog *root, Ui::MyType *ui): root_(root), ui_(ui) {}

    void setup()
    {
        this->setup_dialog_windowTitle();
        this->update_dialog_windowTitle();
    }

private:
    void setup_dialog_windowTitle()
    {
        auto *const edit = this->ui_->edit;

        QObject::connect(edit, &QLineEdit::textChanged, root_, [this]() { this->update_dialog_windowTitle(); });
    }

    void update_dialog_windowTitle()
    {
        this->root_->setWindowTitle(this->eval_dialog_windowTitle());
    }

    QString eval_dialog_windowTitle() const
    {
        QString a0;
        QString a1;
        QString a2;
    b0:
        a0 = this->ui_->edit->text();
        a1 = this->ui_->edit->text();
        a2 = a0 + a1;
        return a2;
    }

    QDialog *const root_;
    Ui::MyType *const ui_;

};
} // namespace UiSupport

